// Jest Snapshot v1, https://goo.gl/fbAQLP

exports[`App renders correctly 1`] = `
<div>
  <ErrorBoundary>
    <Login
      authenticateUser={[Function]}
      className="login"
    />
  </ErrorBoundary>
</div>
`;
