// Jest Snapshot v1, https://goo.gl/fbAQLP

exports[`<ErrorBoundary /> displays an error message on error generated by child 1`] = `""`;
